[Worker-4] ?????? PDC Grid Management — WORKER NODE ??????
[Worker-4] Using 4 threads  connecting to localhost:9090
[Worker-4] GRID_INIT received: 500 nodes  1000 edges  total 100000 candidates
[Worker-4] Chunk #1  [100, 200)  100 candidates
[Worker-4] Chunk #1 done in 31 ms  local best: candidate #145  cost=36847292.86
[Worker-4] Chunk #5  [500, 600)  100 candidates
[Worker-4] Chunk #5 done in 7 ms  local best: candidate #506  cost=36624352.22
[Worker-4] Chunk #9  [900, 1000)  100 candidates
[Worker-4] Chunk #9 done in 11 ms  local best: candidate #928  cost=37236060.44
[Worker-4] Chunk #13  [1300, 1400)  100 candidates
[Worker-4] Chunk #13 done in 11 ms  local best: candidate #1395  cost=37240739.98
[Worker-4] Chunk #17  [1700, 1800)  100 candidates
[Worker-4] Chunk #17 done in 5 ms  local best: candidate #1711  cost=37079129.63
[Worker-4] Chunk #21  [2100, 2200)  100 candidates
[Worker-4] Chunk #21 done in 3 ms  local best: candidate #2144  cost=36791009.98
[Worker-4] Chunk #25  [2500, 2600)  100 candidates
[Worker-4] Chunk #25 done in 1 ms  local best: candidate #2536  cost=37165416.78
[Worker-4] Chunk #28  [2800, 2900)  100 candidates
[Worker-4] Chunk #28 done in 2 ms  local best: candidate #2880  cost=37287008.37
[Worker-4] Chunk #32  [3200, 3300)  100 candidates
[Worker-4] Chunk #32 done in 1 ms  local best: candidate #3208  cost=37055611.66
[Worker-4] Chunk #36  [3600, 3700)  100 candidates
[Worker-4] Chunk #36 done in 2 ms  local best: candidate #3695  cost=37076449.25
[Worker-4] Chunk #42  [4200, 4300)  100 candidates
[Worker-4] Chunk #42 done in 2 ms  local best: candidate #4229  cost=37080617.73
[Worker-4] Chunk #46  [4600, 4700)  100 candidates
[Worker-4] Chunk #46 done in 1 ms  local best: candidate #4681  cost=37262643.96
[Worker-4] Chunk #50  [5000, 5100)  100 candidates
[Worker-4] Chunk #50 done in 2 ms  local best: candidate #5090  cost=36659986.74
[Worker-4] Chunk #54  [5400, 5500)  100 candidates
[Worker-4] Chunk #54 done in 2 ms  local best: candidate #5431  cost=35799468.04
[Worker-4] Chunk #58  [5800, 5900)  100 candidates
[Worker-4] Chunk #58 done in 3 ms  local best: candidate #5837  cost=37258536.86
[Worker-4] Chunk #62  [6200, 6300)  100 candidates
[Worker-4] Chunk #62 done in 3 ms  local best: candidate #6207  cost=37247141.62
[Worker-4] Chunk #66  [6600, 6700)  100 candidates
[Worker-4] Chunk #66 done in 2 ms  local best: candidate #6625  cost=36920207.71
[Worker-4] Chunk #70  [7000, 7100)  100 candidates
[Worker-4] Chunk #70 done in 1 ms  local best: candidate #7081  cost=36668244.76
[Worker-4] Chunk #74  [7400, 7500)  100 candidates
[Worker-4] Chunk #74 done in 2 ms  local best: candidate #7473  cost=36429175.94
[Worker-4] Chunk #78  [7800, 7900)  100 candidates
[Worker-4] Chunk #78 done in 3 ms  local best: candidate #7832  cost=37096918.15
[Worker-4] Chunk #83  [8300, 8400)  100 candidates
[Worker-4] Chunk #83 done in 1 ms  local best: candidate #8383  cost=35963174.25
[Worker-4] Chunk #87  [8700, 8800)  100 candidates
[Worker-4] Chunk #87 done in 1 ms  local best: candidate #8742  cost=37062473.39
[Worker-4] Chunk #91  [9100, 9200)  100 candidates
[Worker-4] Chunk #91 done in 1 ms  local best: candidate #9116  cost=36932658.95
[Worker-4] Chunk #95  [9500, 9600)  100 candidates
[Worker-4] Chunk #95 done in 1 ms  local best: candidate #9507  cost=37072468.78
[Worker-4] Chunk #99  [9900, 10000)  100 candidates
[Worker-4] Chunk #99 done in 2 ms  local best: candidate #9958  cost=37376235.85
[Worker-4] Chunk #103  [10300, 10400)  100 candidates
[Worker-4] Chunk #103 done in 2 ms  local best: candidate #10363  cost=37055039.22
[Worker-4] Chunk #107  [10700, 10800)  100 candidates
[Worker-4] Chunk #107 done in 2 ms  local best: candidate #10784  cost=36793749.16
[Worker-4] Chunk #111  [11100, 11200)  100 candidates
[Worker-4] Chunk #111 done in 3 ms  local best: candidate #11129  cost=37040179.75
[Worker-4] Chunk #115  [11500, 11600)  100 candidates
[Worker-4] Chunk #115 done in 2 ms  local best: candidate #11584  cost=37025069.65
[Worker-4] Chunk #119  [11900, 12000)  100 candidates
[Worker-4] Chunk #119 done in 1 ms  local best: candidate #11985  cost=37282314.91
[Worker-4] Chunk #123  [12300, 12400)  100 candidates
[Worker-4] Chunk #123 done in 1 ms  local best: candidate #12350  cost=37182145.25
[Worker-4] Chunk #127  [12700, 12800)  100 candidates
[Worker-4] Chunk #127 done in 2 ms  local best: candidate #12795  cost=37381452.77
[Worker-4] Chunk #131  [13100, 13200)  100 candidates
[Worker-4] Chunk #131 done in 2 ms  local best: candidate #13168  cost=36968007.29
[Worker-4] Chunk #135  [13500, 13600)  100 candidates
[Worker-4] Chunk #135 done in 2 ms  local best: candidate #13599  cost=36727090.44
[Worker-4] Chunk #139  [13900, 14000)  100 candidates
[Worker-4] Chunk #139 done in 2 ms  local best: candidate #13971  cost=36789399.92
[Worker-4] Chunk #143  [14300, 14400)  100 candidates
[Worker-4] Chunk #143 done in 1 ms  local best: candidate #14305  cost=37227988.51
[Worker-4] Chunk #147  [14700, 14800)  100 candidates
[Worker-4] Chunk #147 done in 3 ms  local best: candidate #14703  cost=36989002.21
[Worker-4] Chunk #151  [15100, 15200)  100 candidates
[Worker-4] Chunk #151 done in 1 ms  local best: candidate #15116  cost=36907299.74
[Worker-4] Chunk #155  [15500, 15600)  100 candidates
[Worker-4] Chunk #155 done in 2 ms  local best: candidate #15522  cost=37439521.40
[Worker-4] Chunk #159  [15900, 16000)  100 candidates
[Worker-4] Chunk #159 done in 2 ms  local best: candidate #15933  cost=36896211.27
[Worker-4] Chunk #163  [16300, 16400)  100 candidates
[Worker-4] Chunk #163 done in 3 ms  local best: candidate #16302  cost=36364818.82
[Worker-4] Chunk #167  [16700, 16800)  100 candidates
[Worker-4] Chunk #167 done in 2 ms  local best: candidate #16797  cost=36810077.77
[Worker-4] Chunk #171  [17100, 17200)  100 candidates
[Worker-4] Chunk #171 done in 1 ms  local best: candidate #17104  cost=36700392.57
[Worker-4] Chunk #175  [17500, 17600)  100 candidates
[Worker-4] Chunk #175 done in 2 ms  local best: candidate #17503  cost=37008864.84
[Worker-4] Chunk #179  [17900, 18000)  100 candidates
[Worker-4] Chunk #179 done in 2 ms  local best: candidate #17961  cost=36617471.93
[Worker-4] Chunk #183  [18300, 18400)  100 candidates
[Worker-4] Chunk #183 done in 2 ms  local best: candidate #18338  cost=37140694.46
[Worker-4] Chunk #188  [18800, 18900)  100 candidates
[Worker-4] Chunk #188 done in 2 ms  local best: candidate #18831  cost=36930624.75
[Worker-4] Chunk #191  [19100, 19200)  100 candidates
[Worker-4] Chunk #191 done in 3 ms  local best: candidate #19193  cost=36676184.67
[Worker-4] Chunk #195  [19500, 19600)  100 candidates
[Worker-4] Chunk #195 done in 5 ms  local best: candidate #19590  cost=36911067.44
[Worker-4] Chunk #200  [20000, 20100)  100 candidates
[Worker-4] Chunk #200 done in 3 ms  local best: candidate #20004  cost=36307306.88
[Worker-4] Chunk #206  [20600, 20700)  100 candidates
[Worker-4] Chunk #206 done in 3 ms  local best: candidate #20602  cost=37690070.41
[Worker-4] Chunk #209  [20900, 21000)  100 candidates
[Worker-4] Chunk #209 done in 1 ms  local best: candidate #20935  cost=36790653.31
[Worker-4] Chunk #213  [21300, 21400)  100 candidates
[Worker-4] Chunk #213 done in 1 ms  local best: candidate #21389  cost=37217605.20
[Worker-4] Chunk #217  [21700, 21800)  100 candidates
[Worker-4] Chunk #217 done in 2 ms  local best: candidate #21712  cost=37207486.75
[Worker-4] Chunk #221  [22100, 22200)  100 candidates
[Worker-4] Chunk #221 done in 6 ms  local best: candidate #22101  cost=36825520.13
[Worker-4] Chunk #225  [22500, 22600)  100 candidates
[Worker-4] Chunk #225 done in 2 ms  local best: candidate #22569  cost=37246184.41
[Worker-4] Chunk #230  [23000, 23100)  100 candidates
[Worker-4] Chunk #230 done in 2 ms  local best: candidate #23064  cost=37326213.75
[Worker-4] Chunk #233  [23300, 23400)  100 candidates
[Worker-4] Chunk #233 done in 4 ms  local best: candidate #23343  cost=36463272.18
[Worker-4] Chunk #238  [23800, 23900)  100 candidates
[Worker-4] Chunk #238 done in 1 ms  local best: candidate #23829  cost=36616232.79
[Worker-4] Chunk #242  [24200, 24300)  100 candidates
[Worker-4] Chunk #242 done in 2 ms  local best: candidate #24230  cost=36724282.52
[Worker-4] Chunk #246  [24600, 24700)  100 candidates
[Worker-4] Chunk #246 done in 1 ms  local best: candidate #24664  cost=37405250.65
[Worker-4] Chunk #250  [25000, 25100)  100 candidates
[Worker-4] Chunk #250 done in 2 ms  local best: candidate #25093  cost=36677789.65
[Worker-4] Chunk #254  [25400, 25500)  100 candidates
[Worker-4] Chunk #254 done in 2 ms  local best: candidate #25481  cost=36511933.60
[Worker-4] Chunk #258  [25800, 25900)  100 candidates
[Worker-4] Chunk #258 done in 3 ms  local best: candidate #25806  cost=36836638.62
[Worker-4] Chunk #262  [26200, 26300)  100 candidates
[Worker-4] Chunk #262 done in 2 ms  local best: candidate #26216  cost=37351244.24
[Worker-4] Chunk #266  [26600, 26700)  100 candidates
[Worker-4] Chunk #266 done in 3 ms  local best: candidate #26612  cost=37057863.73
[Worker-4] Chunk #270  [27000, 27100)  100 candidates
[Worker-4] Chunk #270 done in 1 ms  local best: candidate #27086  cost=36809829.59
[Worker-4] Chunk #274  [27400, 27500)  100 candidates
[Worker-4] Chunk #274 done in 1 ms  local best: candidate #27476  cost=37405315.32
[Worker-4] Chunk #278  [27800, 27900)  100 candidates
[Worker-4] Chunk #278 done in 1 ms  local best: candidate #27834  cost=37233055.83
[Worker-4] Chunk #282  [28200, 28300)  100 candidates
[Worker-4] Chunk #282 done in 2 ms  local best: candidate #28214  cost=35880759.99
[Worker-4] Chunk #286  [28600, 28700)  100 candidates
[Worker-4] Chunk #286 done in 2 ms  local best: candidate #28683  cost=37169642.54
[Worker-4] Chunk #290  [29000, 29100)  100 candidates
[Worker-4] Chunk #290 done in 1 ms  local best: candidate #29041  cost=37210281.88
[Worker-4] Chunk #294  [29400, 29500)  100 candidates
[Worker-4] Chunk #294 done in 1 ms  local best: candidate #29444  cost=36494729.70
[Worker-4] Chunk #298  [29800, 29900)  100 candidates
[Worker-4] Chunk #298 done in 1 ms  local best: candidate #29880  cost=36695352.30
[Worker-4] Chunk #302  [30200, 30300)  100 candidates
[Worker-4] Chunk #302 done in 2 ms  local best: candidate #30255  cost=37321981.00
[Worker-4] Chunk #306  [30600, 30700)  100 candidates
[Worker-4] Chunk #306 done in 2 ms  local best: candidate #30634  cost=36824769.31
[Worker-4] Chunk #310  [31000, 31100)  100 candidates
[Worker-4] Chunk #310 done in 1 ms  local best: candidate #31070  cost=36974684.33
[Worker-4] Chunk #314  [31400, 31500)  100 candidates
[Worker-4] Chunk #314 done in 1 ms  local best: candidate #31428  cost=37415088.44
[Worker-4] Chunk #318  [31800, 31900)  100 candidates
[Worker-4] Chunk #318 done in 2 ms  local best: candidate #31849  cost=36893171.39
[Worker-4] Chunk #321  [32100, 32200)  100 candidates
[Worker-4] Chunk #321 done in 1 ms  local best: candidate #32136  cost=37054544.88
[Worker-4] Chunk #325  [32500, 32600)  100 candidates
[Worker-4] Chunk #325 done in 2 ms  local best: candidate #32510  cost=36760242.59
[Worker-4] Chunk #329  [32900, 33000)  100 candidates
[Worker-4] Chunk #329 done in 2 ms  local best: candidate #32910  cost=37468965.37
[Worker-4] Chunk #333  [33300, 33400)  100 candidates
[Worker-4] Chunk #333 done in 1 ms  local best: candidate #33361  cost=37341784.41
[Worker-4] Chunk #338  [33800, 33900)  100 candidates
[Worker-4] Chunk #338 done in 1 ms  local best: candidate #33891  cost=36847263.10
[Worker-4] Chunk #342  [34200, 34300)  100 candidates
[Worker-4] Chunk #342 done in 1 ms  local best: candidate #34281  cost=37435026.28
[Worker-4] Chunk #346  [34600, 34700)  100 candidates
[Worker-4] Chunk #346 done in 2 ms  local best: candidate #34602  cost=36825338.86
[Worker-4] Chunk #350  [35000, 35100)  100 candidates
[Worker-4] Chunk #350 done in 2 ms  local best: candidate #35026  cost=37169920.07
[Worker-4] Chunk #354  [35400, 35500)  100 candidates
[Worker-4] Chunk #354 done in 1 ms  local best: candidate #35456  cost=36897682.22
[Worker-4] Chunk #358  [35800, 35900)  100 candidates
[Worker-4] Chunk #358 done in 1 ms  local best: candidate #35844  cost=37015456.25
[Worker-4] Chunk #363  [36300, 36400)  100 candidates
[Worker-4] Chunk #363 done in 1 ms  local best: candidate #36331  cost=37245869.01
[Worker-4] Chunk #367  [36700, 36800)  100 candidates
[Worker-4] Chunk #367 done in 1 ms  local best: candidate #36734  cost=37005851.98
[Worker-4] Chunk #371  [37100, 37200)  100 candidates
[Worker-4] Chunk #371 done in 2 ms  local best: candidate #37147  cost=36848997.51
[Worker-4] Chunk #375  [37500, 37600)  100 candidates
[Worker-4] Chunk #375 done in 1 ms  local best: candidate #37559  cost=36719598.49
[Worker-4] Chunk #379  [37900, 38000)  100 candidates
[Worker-4] Chunk #379 done in 2 ms  local best: candidate #37955  cost=36973733.20
[Worker-4] Chunk #383  [38300, 38400)  100 candidates
[Worker-4] Chunk #383 done in 1 ms  local best: candidate #38359  cost=36806078.24
[Worker-4] Chunk #387  [38700, 38800)  100 candidates
[Worker-4] Chunk #387 done in 1 ms  local best: candidate #38749  cost=37200171.13
[Worker-4] Chunk #391  [39100, 39200)  100 candidates
[Worker-4] Chunk #391 done in 1 ms  local best: candidate #39159  cost=36645837.95
[Worker-4] Chunk #395  [39500, 39600)  100 candidates
[Worker-4] Chunk #395 done in 0 ms  local best: candidate #39523  cost=37153550.71
[Worker-4] Chunk #399  [39900, 40000)  100 candidates
[Worker-4] Chunk #399 done in 1 ms  local best: candidate #39923  cost=37259832.69
[Worker-4] Chunk #403  [40300, 40400)  100 candidates
[Worker-4] Chunk #403 done in 1 ms  local best: candidate #40388  cost=37023583.78
[Worker-4] Chunk #407  [40700, 40800)  100 candidates
[Worker-4] Chunk #407 done in 1 ms  local best: candidate #40711  cost=37058450.36
[Worker-4] Chunk #411  [41100, 41200)  100 candidates
[Worker-4] Chunk #411 done in 1 ms  local best: candidate #41147  cost=37056044.08
[Worker-4] Chunk #415  [41500, 41600)  100 candidates
[Worker-4] Chunk #415 done in 1 ms  local best: candidate #41578  cost=37230375.67
[Worker-4] Chunk #421  [42100, 42200)  100 candidates
[Worker-4] Chunk #421 done in 2 ms  local best: candidate #42173  cost=36732679.45
[Worker-4] Chunk #424  [42400, 42500)  100 candidates
[Worker-4] Chunk #424 done in 2 ms  local best: candidate #42460  cost=37385228.29
[Worker-4] Chunk #427  [42700, 42800)  100 candidates
[Worker-4] Chunk #427 done in 1 ms  local best: candidate #42758  cost=36912694.70
[Worker-4] Chunk #433  [43300, 43400)  100 candidates
[Worker-4] Chunk #433 done in 2 ms  local best: candidate #43317  cost=37070848.24
[Worker-4] Chunk #436  [43600, 43700)  100 candidates
[Worker-4] Chunk #436 done in 1 ms  local best: candidate #43669  cost=36612254.07
[Worker-4] Chunk #440  [44000, 44100)  100 candidates
[Worker-4] Chunk #440 done in 2 ms  local best: candidate #44097  cost=36087437.77
[Worker-4] Chunk #444  [44400, 44500)  100 candidates
[Worker-4] Chunk #444 done in 1 ms  local best: candidate #44466  cost=36802966.27
[Worker-4] Chunk #448  [44800, 44900)  100 candidates
[Worker-4] Chunk #448 done in 2 ms  local best: candidate #44825  cost=37477539.89
[Worker-4] Chunk #452  [45200, 45300)  100 candidates
[Worker-4] Chunk #452 done in 0 ms  local best: candidate #45299  cost=37525341.46
[Worker-4] Chunk #456  [45600, 45700)  100 candidates
[Worker-4] Chunk #456 done in 1 ms  local best: candidate #45648  cost=37027874.72
[Worker-4] Chunk #460  [46000, 46100)  100 candidates
[Worker-4] Chunk #460 done in 1 ms  local best: candidate #46094  cost=36732220.06
[Worker-4] Chunk #464  [46400, 46500)  100 candidates
[Worker-4] Chunk #464 done in 1 ms  local best: candidate #46439  cost=37180460.96
[Worker-4] Chunk #468  [46800, 46900)  100 candidates
[Worker-4] Chunk #468 done in 0 ms  local best: candidate #46808  cost=36619915.01
[Worker-4] Chunk #472  [47200, 47300)  100 candidates
[Worker-4] Chunk #472 done in 1 ms  local best: candidate #47275  cost=37389287.50
[Worker-4] Chunk #476  [47600, 47700)  100 candidates
[Worker-4] Chunk #476 done in 1 ms  local best: candidate #47664  cost=36643907.40
[Worker-4] Chunk #480  [48000, 48100)  100 candidates
[Worker-4] Chunk #480 done in 2 ms  local best: candidate #48022  cost=36735705.67
[Worker-4] Chunk #484  [48400, 48500)  100 candidates
[Worker-4] Chunk #484 done in 1 ms  local best: candidate #48469  cost=37051809.26
[Worker-4] Chunk #488  [48800, 48900)  100 candidates
[Worker-4] Chunk #488 done in 1 ms  local best: candidate #48856  cost=36277496.29
[Worker-4] Chunk #492  [49200, 49300)  100 candidates
[Worker-4] Chunk #492 done in 1 ms  local best: candidate #49235  cost=37084085.15
[Worker-4] Chunk #496  [49600, 49700)  100 candidates
[Worker-4] Chunk #496 done in 2 ms  local best: candidate #49622  cost=37212373.73
[Worker-4] Chunk #500  [50000, 50100)  100 candidates
[Worker-4] Chunk #500 done in 1 ms  local best: candidate #50062  cost=36906659.67
[Worker-4] Chunk #503  [50300, 50400)  100 candidates
[Worker-4] Chunk #503 done in 2 ms  local best: candidate #50324  cost=36673087.94
[Worker-4] Chunk #507  [50700, 50800)  100 candidates
[Worker-4] Chunk #507 done in 2 ms  local best: candidate #50700  cost=36715233.58
[Worker-4] Chunk #511  [51100, 51200)  100 candidates
[Worker-4] Chunk #511 done in 2 ms  local best: candidate #51130  cost=37223026.91
[Worker-4] Chunk #515  [51500, 51600)  100 candidates
[Worker-4] Chunk #515 done in 1 ms  local best: candidate #51579  cost=36679018.39
[Worker-4] Chunk #519  [51900, 52000)  100 candidates
[Worker-4] Chunk #519 done in 1 ms  local best: candidate #51945  cost=37091944.32
[Worker-4] Chunk #523  [52300, 52400)  100 candidates
[Worker-4] Chunk #523 done in 2 ms  local best: candidate #52303  cost=36920197.93
[Worker-4] Chunk #527  [52700, 52800)  100 candidates
[Worker-4] Chunk #527 done in 1 ms  local best: candidate #52709  cost=36985807.47
[Worker-4] Chunk #531  [53100, 53200)  100 candidates
[Worker-4] Chunk #531 done in 2 ms  local best: candidate #53143  cost=37127957.46
[Worker-4] Chunk #535  [53500, 53600)  100 candidates
[Worker-4] Chunk #535 done in 2 ms  local best: candidate #53551  cost=36541869.41
[Worker-4] Chunk #539  [53900, 54000)  100 candidates
[Worker-4] Chunk #539 done in 1 ms  local best: candidate #53995  cost=37130254.45
[Worker-4] Chunk #543  [54300, 54400)  100 candidates
[Worker-4] Chunk #543 done in 1 ms  local best: candidate #54315  cost=37637631.62
[Worker-4] Chunk #547  [54700, 54800)  100 candidates
[Worker-4] Chunk #547 done in 1 ms  local best: candidate #54798  cost=36987004.03
[Worker-4] Chunk #551  [55100, 55200)  100 candidates
[Worker-4] Chunk #551 done in 3 ms  local best: candidate #55136  cost=36593635.13
[Worker-4] Chunk #555  [55500, 55600)  100 candidates
[Worker-4] Chunk #555 done in 1 ms  local best: candidate #55551  cost=36799800.96
[Worker-4] Chunk #559  [55900, 56000)  100 candidates
[Worker-4] Chunk #559 done in 2 ms  local best: candidate #55967  cost=36814408.62
[Worker-4] Chunk #563  [56300, 56400)  100 candidates
[Worker-4] Chunk #563 done in 1 ms  local best: candidate #56307  cost=36508684.76
[Worker-4] Chunk #567  [56700, 56800)  100 candidates
[Worker-4] Chunk #567 done in 1 ms  local best: candidate #56718  cost=36662514.50
[Worker-4] Chunk #571  [57100, 57200)  100 candidates
[Worker-4] Chunk #571 done in 1 ms  local best: candidate #57170  cost=37508911.17
[Worker-4] Chunk #575  [57500, 57600)  100 candidates
[Worker-4] Chunk #575 done in 1 ms  local best: candidate #57517  cost=36841852.08
[Worker-4] Chunk #578  [57800, 57900)  100 candidates
[Worker-4] Chunk #578 done in 2 ms  local best: candidate #57849  cost=37593733.40
[Worker-4] Chunk #582  [58200, 58300)  100 candidates
[Worker-4] Chunk #582 done in 2 ms  local best: candidate #58220  cost=36785008.68
[Worker-4] Chunk #587  [58700, 58800)  100 candidates
[Worker-4] Chunk #587 done in 1 ms  local best: candidate #58742  cost=36557258.17
[Worker-4] Chunk #590  [59000, 59100)  100 candidates
[Worker-4] Chunk #590 done in 1 ms  local best: candidate #59085  cost=36958699.57
[Worker-4] Chunk #595  [59500, 59600)  100 candidates
[Worker-4] Chunk #595 done in 2 ms  local best: candidate #59547  cost=36406678.06
[Worker-4] Chunk #599  [59900, 60000)  100 candidates
[Worker-4] Chunk #599 done in 1 ms  local best: candidate #59998  cost=36766759.43
[Worker-4] Chunk #603  [60300, 60400)  100 candidates
[Worker-4] Chunk #603 done in 1 ms  local best: candidate #60332  cost=37127380.37
[Worker-4] Chunk #607  [60700, 60800)  100 candidates
[Worker-4] Chunk #607 done in 2 ms  local best: candidate #60776  cost=36288165.25
[Worker-4] Chunk #611  [61100, 61200)  100 candidates
[Worker-4] Chunk #611 done in 1 ms  local best: candidate #61164  cost=36999724.14
[Worker-4] Chunk #615  [61500, 61600)  100 candidates
[Worker-4] Chunk #615 done in 1 ms  local best: candidate #61524  cost=36878748.94
[Worker-4] Chunk #619  [61900, 62000)  100 candidates
[Worker-4] Chunk #619 done in 1 ms  local best: candidate #61966  cost=36682508.01
[Worker-4] Chunk #623  [62300, 62400)  100 candidates
[Worker-4] Chunk #623 done in 1 ms  local best: candidate #62360  cost=37098994.45
[Worker-4] Chunk #627  [62700, 62800)  100 candidates
[Worker-4] Chunk #627 done in 3 ms  local best: candidate #62702  cost=36810491.09
[Worker-4] Chunk #631  [63100, 63200)  100 candidates
[Worker-4] Chunk #631 done in 2 ms  local best: candidate #63114  cost=36765102.16
[Worker-4] Chunk #635  [63500, 63600)  100 candidates
[Worker-4] Chunk #635 done in 1 ms  local best: candidate #63556  cost=36544614.00
[Worker-4] Chunk #639  [63900, 64000)  100 candidates
[Worker-4] Chunk #639 done in 1 ms  local best: candidate #63965  cost=36574249.89
[Worker-4] Chunk #643  [64300, 64400)  100 candidates
[Worker-4] Chunk #643 done in 1 ms  local best: candidate #64308  cost=36981653.80
[Worker-4] Chunk #647  [64700, 64800)  100 candidates
[Worker-4] Chunk #647 done in 1 ms  local best: candidate #64783  cost=37008526.65
[Worker-4] Chunk #651  [65100, 65200)  100 candidates
[Worker-4] Chunk #651 done in 2 ms  local best: candidate #65150  cost=37342477.21
[Worker-4] Chunk #655  [65500, 65600)  100 candidates
[Worker-4] Chunk #655 done in 2 ms  local best: candidate #65552  cost=36707123.16
[Worker-4] Chunk #659  [65900, 66000)  100 candidates
[Worker-4] Chunk #659 done in 1 ms  local best: candidate #65967  cost=36752775.82
[Worker-4] Chunk #663  [66300, 66400)  100 candidates
[Worker-4] Chunk #663 done in 1 ms  local best: candidate #66391  cost=37113733.54
[Worker-4] Chunk #667  [66700, 66800)  100 candidates
[Worker-4] Chunk #667 done in 1 ms  local best: candidate #66725  cost=37364820.99
[Worker-4] Chunk #671  [67100, 67200)  100 candidates
[Worker-4] Chunk #671 done in 1 ms  local best: candidate #67163  cost=36650427.94
[Worker-4] Chunk #675  [67500, 67600)  100 candidates
[Worker-4] Chunk #675 done in 1 ms  local best: candidate #67525  cost=37298368.73
[Worker-4] Chunk #679  [67900, 68000)  100 candidates
[Worker-4] Chunk #679 done in 1 ms  local best: candidate #67986  cost=37249292.85
[Worker-4] Chunk #683  [68300, 68400)  100 candidates
[Worker-4] Chunk #683 done in 1 ms  local best: candidate #68347  cost=36670937.63
[Worker-4] Chunk #687  [68700, 68800)  100 candidates
[Worker-4] Chunk #687 done in 0 ms  local best: candidate #68792  cost=37084028.71
[Worker-4] Chunk #692  [69200, 69300)  100 candidates
[Worker-4] Chunk #692 done in 1 ms  local best: candidate #69290  cost=37312554.26
[Worker-4] Chunk #696  [69600, 69700)  100 candidates
[Worker-4] Chunk #696 done in 1 ms  local best: candidate #69645  cost=37410739.40
[Worker-4] Chunk #700  [70000, 70100)  100 candidates
[Worker-4] Chunk #700 done in 2 ms  local best: candidate #70011  cost=36311238.41
[Worker-4] Chunk #703  [70300, 70400)  100 candidates
[Worker-4] Chunk #703 done in 1 ms  local best: candidate #70356  cost=37422943.96
[Worker-4] Chunk #707  [70700, 70800)  100 candidates
[Worker-4] Chunk #707 done in 1 ms  local best: candidate #70701  cost=36393890.37
[Worker-4] Chunk #711  [71100, 71200)  100 candidates
[Worker-4] Chunk #711 done in 1 ms  local best: candidate #71139  cost=36624244.92
[Worker-4] Chunk #715  [71500, 71600)  100 candidates
[Worker-4] Chunk #715 done in 1 ms  local best: candidate #71535  cost=36918581.50
[Worker-4] Chunk #719  [71900, 72000)  100 candidates
[Worker-4] Chunk #719 done in 1 ms  local best: candidate #71993  cost=36941757.82
[Worker-4] Chunk #723  [72300, 72400)  100 candidates
[Worker-4] Chunk #723 done in 1 ms  local best: candidate #72377  cost=36983324.95
[Worker-4] Chunk #727  [72700, 72800)  100 candidates
[Worker-4] Chunk #727 done in 2 ms  local best: candidate #72799  cost=36788861.15
[Worker-4] Chunk #731  [73100, 73200)  100 candidates
[Worker-4] Chunk #731 done in 1 ms  local best: candidate #73196  cost=37497325.31
[Worker-4] Chunk #735  [73500, 73600)  100 candidates
[Worker-4] Chunk #735 done in 1 ms  local best: candidate #73582  cost=37003264.47
[Worker-4] Chunk #739  [73900, 74000)  100 candidates
[Worker-4] Chunk #739 done in 1 ms  local best: candidate #73992  cost=37034992.78
[Worker-4] Chunk #743  [74300, 74400)  100 candidates
[Worker-4] Chunk #743 done in 1 ms  local best: candidate #74342  cost=37524255.25
[Worker-4] Chunk #747  [74700, 74800)  100 candidates
[Worker-4] Chunk #747 done in 1 ms  local best: candidate #74735  cost=37333845.16
[Worker-4] Chunk #751  [75100, 75200)  100 candidates
[Worker-4] Chunk #751 done in 1 ms  local best: candidate #75126  cost=36843356.79
[Worker-4] Chunk #755  [75500, 75600)  100 candidates
[Worker-4] Chunk #755 done in 3 ms  local best: candidate #75553  cost=36299405.79
[Worker-4] Chunk #759  [75900, 76000)  100 candidates
[Worker-4] Chunk #759 done in 3 ms  local best: candidate #75925  cost=37237108.54
[Worker-4] Chunk #763  [76300, 76400)  100 candidates
[Worker-4] Chunk #763 done in 2 ms  local best: candidate #76344  cost=36119163.96
[Worker-4] Chunk #767  [76700, 76800)  100 candidates
[Worker-4] Chunk #767 done in 1 ms  local best: candidate #76773  cost=36917583.77
[Worker-4] Chunk #771  [77100, 77200)  100 candidates
[Worker-4] Chunk #771 done in 1 ms  local best: candidate #77123  cost=37128647.77
[Worker-4] Chunk #775  [77500, 77600)  100 candidates
[Worker-4] Chunk #775 done in 1 ms  local best: candidate #77568  cost=36296635.52
[Worker-4] Chunk #779  [77900, 78000)  100 candidates
[Worker-4] Chunk #779 done in 2 ms  local best: candidate #77936  cost=36628188.74
[Worker-4] Chunk #783  [78300, 78400)  100 candidates
[Worker-4] Chunk #783 done in 2 ms  local best: candidate #78348  cost=37188129.86
[Worker-4] Chunk #787  [78700, 78800)  100 candidates
[Worker-4] Chunk #787 done in 1 ms  local best: candidate #78795  cost=36712225.43
[Worker-4] Chunk #791  [79100, 79200)  100 candidates
[Worker-4] Chunk #791 done in 1 ms  local best: candidate #79136  cost=37175872.89
[Worker-4] Chunk #795  [79500, 79600)  100 candidates
[Worker-4] Chunk #795 done in 1 ms  local best: candidate #79510  cost=37538643.41
[Worker-4] Chunk #799  [79900, 80000)  100 candidates
[Worker-4] Chunk #799 done in 1 ms  local best: candidate #79967  cost=37388738.55
[Worker-4] Chunk #806  [80600, 80700)  100 candidates
[Worker-4] Chunk #806 done in 1 ms  local best: candidate #80621  cost=37120965.38
[Worker-4] Chunk #810  [81000, 81100)  100 candidates
[Worker-4] Chunk #810 done in 1 ms  local best: candidate #81020  cost=37512657.18
[Worker-4] Chunk #814  [81400, 81500)  100 candidates
[Worker-4] Chunk #814 done in 2 ms  local best: candidate #81490  cost=36067382.20
[Worker-4] Chunk #818  [81800, 81900)  100 candidates
[Worker-4] Chunk #818 done in 1 ms  local best: candidate #81880  cost=36834503.00
[Worker-4] Chunk #822  [82200, 82300)  100 candidates
[Worker-4] Chunk #822 done in 1 ms  local best: candidate #82290  cost=37038167.20
[Worker-4] Chunk #825  [82500, 82600)  100 candidates
[Worker-4] Chunk #825 done in 2 ms  local best: candidate #82522  cost=37443221.10
[Worker-4] Chunk #830  [83000, 83100)  100 candidates
[Worker-4] Chunk #830 done in 1 ms  local best: candidate #83002  cost=36697751.68
[Worker-4] Chunk #834  [83400, 83500)  100 candidates
[Worker-4] Chunk #834 done in 1 ms  local best: candidate #83477  cost=37118198.52
[Worker-4] Chunk #838  [83800, 83900)  100 candidates
[Worker-4] Chunk #838 done in 1 ms  local best: candidate #83819  cost=36859758.20
[Worker-4] Chunk #842  [84200, 84300)  100 candidates
[Worker-4] Chunk #842 done in 2 ms  local best: candidate #84212  cost=36992168.84
[Worker-4] Chunk #846  [84600, 84700)  100 candidates
[Worker-4] Chunk #846 done in 1 ms  local best: candidate #84618  cost=37113784.45
[Worker-4] Chunk #850  [85000, 85100)  100 candidates
[Worker-4] Chunk #850 done in 1 ms  local best: candidate #85026  cost=37058525.41
[Worker-4] Chunk #854  [85400, 85500)  100 candidates
[Worker-4] Chunk #854 done in 2 ms  local best: candidate #85497  cost=37317657.55
[Worker-4] Chunk #858  [85800, 85900)  100 candidates
[Worker-4] Chunk #858 done in 1 ms  local best: candidate #85812  cost=36784433.84
[Worker-4] Chunk #862  [86200, 86300)  100 candidates
[Worker-4] Chunk #862 done in 1 ms  local best: candidate #86294  cost=36699223.20
[Worker-4] Chunk #866  [86600, 86700)  100 candidates
[Worker-4] Chunk #866 done in 2 ms  local best: candidate #86670  cost=37059223.77
[Worker-4] Chunk #870  [87000, 87100)  100 candidates
[Worker-4] Chunk #870 done in 1 ms  local best: candidate #87020  cost=36918971.93
[Worker-4] Chunk #874  [87400, 87500)  100 candidates
[Worker-4] Chunk #874 done in 1 ms  local best: candidate #87484  cost=37152717.88
[Worker-4] Chunk #878  [87800, 87900)  100 candidates
[Worker-4] Chunk #878 done in 1 ms  local best: candidate #87802  cost=37214400.15
[Worker-4] Chunk #882  [88200, 88300)  100 candidates
[Worker-4] Chunk #882 done in 1 ms  local best: candidate #88261  cost=37276014.02
[Worker-4] Chunk #886  [88600, 88700)  100 candidates
[Worker-4] Chunk #886 done in 2 ms  local best: candidate #88600  cost=36919692.49
[Worker-4] Chunk #890  [89000, 89100)  100 candidates
[Worker-4] Chunk #890 done in 2 ms  local best: candidate #89064  cost=37131299.95
[Worker-4] Chunk #894  [89400, 89500)  100 candidates
[Worker-4] Chunk #894 done in 2 ms  local best: candidate #89416  cost=36610698.47
[Worker-4] Chunk #898  [89800, 89900)  100 candidates
[Worker-4] Chunk #898 done in 1 ms  local best: candidate #89841  cost=36830697.07
[Worker-4] Chunk #902  [90200, 90300)  100 candidates
[Worker-4] Chunk #902 done in 1 ms  local best: candidate #90249  cost=36385235.97
[Worker-4] Chunk #906  [90600, 90700)  100 candidates
[Worker-4] Chunk #906 done in 2 ms  local best: candidate #90672  cost=37350745.04
[Worker-4] Chunk #910  [91000, 91100)  100 candidates
[Worker-4] Chunk #910 done in 0 ms  local best: candidate #91076  cost=37174827.50
[Worker-4] Chunk #914  [91400, 91500)  100 candidates
[Worker-4] Chunk #914 done in 1 ms  local best: candidate #91400  cost=36912491.82
[Worker-4] Chunk #918  [91800, 91900)  100 candidates
[Worker-4] Chunk #918 done in 3 ms  local best: candidate #91891  cost=36764592.57
[Worker-4] Chunk #922  [92200, 92300)  100 candidates
[Worker-4] Chunk #922 done in 2 ms  local best: candidate #92237  cost=36428330.86
[Worker-4] Chunk #926  [92600, 92700)  100 candidates
[Worker-4] Chunk #926 done in 1 ms  local best: candidate #92660  cost=36999323.06
[Worker-4] Chunk #930  [93000, 93100)  100 candidates
[Worker-4] Chunk #930 done in 3 ms  local best: candidate #93010  cost=37092186.70
[Worker-4] Chunk #934  [93400, 93500)  100 candidates
[Worker-4] Chunk #934 done in 2 ms  local best: candidate #93442  cost=37345054.05
[Worker-4] Chunk #938  [93800, 93900)  100 candidates
[Worker-4] Chunk #938 done in 2 ms  local best: candidate #93827  cost=36604578.04
[Worker-4] Chunk #942  [94200, 94300)  100 candidates
[Worker-4] Chunk #942 done in 3 ms  local best: candidate #94216  cost=36520179.86
[Worker-4] Chunk #946  [94600, 94700)  100 candidates
[Worker-4] Chunk #946 done in 1 ms  local best: candidate #94628  cost=36777411.39
[Worker-4] Chunk #950  [95000, 95100)  100 candidates
[Worker-4] Chunk #950 done in 2 ms  local best: candidate #95049  cost=36031039.63
[Worker-4] Chunk #954  [95400, 95500)  100 candidates
[Worker-4] Chunk #954 done in 1 ms  local best: candidate #95427  cost=37144553.24
[Worker-4] Chunk #958  [95800, 95900)  100 candidates
[Worker-4] Chunk #958 done in 2 ms  local best: candidate #95860  cost=36652193.02
[Worker-4] Chunk #962  [96200, 96300)  100 candidates
[Worker-4] Chunk #962 done in 1 ms  local best: candidate #96291  cost=36399932.35
[Worker-4] Chunk #966  [96600, 96700)  100 candidates
[Worker-4] Chunk #966 done in 1 ms  local best: candidate #96620  cost=37519105.36
[Worker-4] Chunk #970  [97000, 97100)  100 candidates
[Worker-4] Chunk #970 done in 1 ms  local best: candidate #97005  cost=37167188.22
[Worker-4] Chunk #974  [97400, 97500)  100 candidates
[Worker-4] Chunk #974 done in 1 ms  local best: candidate #97466  cost=37055016.31
[Worker-4] Chunk #978  [97800, 97900)  100 candidates
[Worker-4] Chunk #978 done in 2 ms  local best: candidate #97812  cost=36951069.02
[Worker-4] Chunk #982  [98200, 98300)  100 candidates
[Worker-4] Chunk #982 done in 1 ms  local best: candidate #98275  cost=36954674.35
[Worker-4] Chunk #986  [98600, 98700)  100 candidates
[Worker-4] Chunk #986 done in 1 ms  local best: candidate #98603  cost=36516448.37
[Worker-4] Chunk #990  [99000, 99100)  100 candidates
[Worker-4] Chunk #990 done in 2 ms  local best: candidate #99038  cost=37076161.81
[Worker-4] Chunk #994  [99387, 99463)  76 candidates
[Worker-4] Chunk #994 done in 3 ms  local best: candidate #99412  cost=36967505.64
[Worker-4] Chunk #999  [99684, 99723)  39 candidates
[Worker-4] Chunk #999 done in 1 ms  local best: candidate #99700  cost=37922133.13
[Worker-4] Chunk #1003  [99813, 99836)  23 candidates
[Worker-4] Chunk #1003 done in 1 ms  local best: candidate #99815  cost=36500420.34
[Worker-4] Chunk #1007  [99889, 99902)  13 candidates
[Worker-4] Chunk #1007 done in 0 ms  local best: candidate #99894  cost=37739930.45
[Worker-4] Chunk #1011  [99934, 99944)  10 candidates
[Worker-4] Chunk #1011 done in 0 ms  local best: candidate #99941  cost=37983844.05
[Worker-4] Chunk #1015  [99974, 99984)  10 candidates
[Worker-4] Chunk #1015 done in 0 ms  local best: candidate #99976  cost=38035180.81
[Worker-4] SHUTDOWN received.
[Worker-4] Finished.  Chunks processed: 252  Local best: candidate #5431  cost=35799468.04
