[Worker-1] ?????? PDC Grid Management — WORKER NODE ??????
[Worker-1] Using 4 threads  connecting to localhost:9090
[Worker-1] GRID_INIT received: 500 nodes  1000 edges  total 100000 candidates
[Worker-1] Chunk #3  [300, 400)  100 candidates
[Worker-1] Chunk #3 done in 27 ms  local best: candidate #397  cost=37252276.96
[Worker-1] Chunk #6  [600, 700)  100 candidates
[Worker-1] Chunk #6 done in 7 ms  local best: candidate #667  cost=37007347.73
[Worker-1] Chunk #11  [1100, 1200)  100 candidates
[Worker-1] Chunk #11 done in 30 ms  local best: candidate #1117  cost=37273546.59
[Worker-1] Chunk #14  [1400, 1500)  100 candidates
[Worker-1] Chunk #14 done in 8 ms  local best: candidate #1444  cost=37089219.11
[Worker-1] Chunk #18  [1800, 1900)  100 candidates
[Worker-1] Chunk #18 done in 4 ms  local best: candidate #1895  cost=37104325.57
[Worker-1] Chunk #22  [2200, 2300)  100 candidates
[Worker-1] Chunk #22 done in 2 ms  local best: candidate #2276  cost=37357326.55
[Worker-1] Chunk #26  [2600, 2700)  100 candidates
[Worker-1] Chunk #26 done in 2 ms  local best: candidate #2641  cost=36825694.73
[Worker-1] Chunk #30  [3000, 3100)  100 candidates
[Worker-1] Chunk #30 done in 2 ms  local best: candidate #3026  cost=36794339.53
[Worker-1] Chunk #33  [3300, 3400)  100 candidates
[Worker-1] Chunk #33 done in 2 ms  local best: candidate #3382  cost=37073325.06
[Worker-1] Chunk #37  [3700, 3800)  100 candidates
[Worker-1] Chunk #37 done in 2 ms  local best: candidate #3782  cost=37387321.83
[Worker-1] Chunk #41  [4100, 4200)  100 candidates
[Worker-1] Chunk #41 done in 2 ms  local best: candidate #4124  cost=36719689.53
[Worker-1] Chunk #45  [4500, 4600)  100 candidates
[Worker-1] Chunk #45 done in 2 ms  local best: candidate #4569  cost=36644912.12
[Worker-1] Chunk #49  [4900, 5000)  100 candidates
[Worker-1] Chunk #49 done in 1 ms  local best: candidate #4919  cost=36364747.82
[Worker-1] Chunk #53  [5300, 5400)  100 candidates
[Worker-1] Chunk #53 done in 2 ms  local best: candidate #5363  cost=36817693.35
[Worker-1] Chunk #57  [5700, 5800)  100 candidates
[Worker-1] Chunk #57 done in 3 ms  local best: candidate #5786  cost=36416817.74
[Worker-1] Chunk #61  [6100, 6200)  100 candidates
[Worker-1] Chunk #61 done in 3 ms  local best: candidate #6142  cost=36828280.15
[Worker-1] Chunk #65  [6500, 6600)  100 candidates
[Worker-1] Chunk #65 done in 1 ms  local best: candidate #6516  cost=36840884.19
[Worker-1] Chunk #69  [6900, 7000)  100 candidates
[Worker-1] Chunk #69 done in 1 ms  local best: candidate #6939  cost=36583019.72
[Worker-1] Chunk #73  [7300, 7400)  100 candidates
[Worker-1] Chunk #73 done in 1 ms  local best: candidate #7368  cost=37371411.74
[Worker-1] Chunk #77  [7700, 7800)  100 candidates
[Worker-1] Chunk #77 done in 5 ms  local best: candidate #7729  cost=36643157.52
[Worker-1] Chunk #81  [8100, 8200)  100 candidates
[Worker-1] Chunk #81 done in 1 ms  local best: candidate #8182  cost=37522350.55
[Worker-1] Chunk #85  [8500, 8600)  100 candidates
[Worker-1] Chunk #85 done in 1 ms  local best: candidate #8528  cost=37222953.89
[Worker-1] Chunk #88  [8800, 8900)  100 candidates
[Worker-1] Chunk #88 done in 2 ms  local best: candidate #8898  cost=37011686.02
[Worker-1] Chunk #92  [9200, 9300)  100 candidates
[Worker-1] Chunk #92 done in 3 ms  local best: candidate #9283  cost=37137652.26
[Worker-1] Chunk #96  [9600, 9700)  100 candidates
[Worker-1] Chunk #96 done in 1 ms  local best: candidate #9606  cost=37250793.34
[Worker-1] Chunk #100  [10000, 10100)  100 candidates
[Worker-1] Chunk #100 done in 2 ms  local best: candidate #10072  cost=36916484.49
[Worker-1] Chunk #104  [10400, 10500)  100 candidates
[Worker-1] Chunk #104 done in 2 ms  local best: candidate #10408  cost=37152034.00
[Worker-1] Chunk #108  [10800, 10900)  100 candidates
[Worker-1] Chunk #108 done in 2 ms  local best: candidate #10895  cost=36758683.45
[Worker-1] Chunk #112  [11200, 11300)  100 candidates
[Worker-1] Chunk #112 done in 2 ms  local best: candidate #11227  cost=37156170.50
[Worker-1] Chunk #116  [11600, 11700)  100 candidates
[Worker-1] Chunk #116 done in 1 ms  local best: candidate #11647  cost=37548212.20
[Worker-1] Chunk #120  [12000, 12100)  100 candidates
[Worker-1] Chunk #120 done in 1 ms  local best: candidate #12060  cost=37073517.62
[Worker-1] Chunk #124  [12400, 12500)  100 candidates
[Worker-1] Chunk #124 done in 2 ms  local best: candidate #12489  cost=37274693.47
[Worker-1] Chunk #128  [12800, 12900)  100 candidates
[Worker-1] Chunk #128 done in 1 ms  local best: candidate #12891  cost=37175286.96
[Worker-1] Chunk #132  [13200, 13300)  100 candidates
[Worker-1] Chunk #132 done in 2 ms  local best: candidate #13299  cost=36724944.52
[Worker-1] Chunk #136  [13600, 13700)  100 candidates
[Worker-1] Chunk #136 done in 2 ms  local best: candidate #13612  cost=37229141.14
[Worker-1] Chunk #141  [14100, 14200)  100 candidates
[Worker-1] Chunk #141 done in 3 ms  local best: candidate #14135  cost=36722492.09
[Worker-1] Chunk #144  [14400, 14500)  100 candidates
[Worker-1] Chunk #144 done in 2 ms  local best: candidate #14432  cost=37414085.74
[Worker-1] Chunk #148  [14800, 14900)  100 candidates
[Worker-1] Chunk #148 done in 3 ms  local best: candidate #14864  cost=36591032.15
[Worker-1] Chunk #153  [15300, 15400)  100 candidates
[Worker-1] Chunk #153 done in 3 ms  local best: candidate #15363  cost=36614757.76
[Worker-1] Chunk #157  [15700, 15800)  100 candidates
[Worker-1] Chunk #157 done in 3 ms  local best: candidate #15780  cost=36816864.49
[Worker-1] Chunk #161  [16100, 16200)  100 candidates
[Worker-1] Chunk #161 done in 2 ms  local best: candidate #16147  cost=37358484.72
[Worker-1] Chunk #164  [16400, 16500)  100 candidates
[Worker-1] Chunk #164 done in 1 ms  local best: candidate #16474  cost=37436178.92
[Worker-1] Chunk #169  [16900, 17000)  100 candidates
[Worker-1] Chunk #169 done in 1 ms  local best: candidate #16950  cost=37009274.60
[Worker-1] Chunk #172  [17200, 17300)  100 candidates
[Worker-1] Chunk #172 done in 3 ms  local best: candidate #17258  cost=37434615.82
[Worker-1] Chunk #176  [17600, 17700)  100 candidates
[Worker-1] Chunk #176 done in 2 ms  local best: candidate #17638  cost=36575315.43
[Worker-1] Chunk #180  [18000, 18100)  100 candidates
[Worker-1] Chunk #180 done in 3 ms  local best: candidate #18016  cost=36536449.17
[Worker-1] Chunk #184  [18400, 18500)  100 candidates
[Worker-1] Chunk #184 done in 1 ms  local best: candidate #18448  cost=36909316.24
[Worker-1] Chunk #187  [18700, 18800)  100 candidates
[Worker-1] Chunk #187 done in 1 ms  local best: candidate #18741  cost=37264397.17
[Worker-1] Chunk #192  [19200, 19300)  100 candidates
[Worker-1] Chunk #192 done in 2 ms  local best: candidate #19220  cost=36376065.68
[Worker-1] Chunk #196  [19600, 19700)  100 candidates
[Worker-1] Chunk #196 done in 4 ms  local best: candidate #19685  cost=37076943.79
[Worker-1] Chunk #199  [19900, 20000)  100 candidates
[Worker-1] Chunk #199 done in 3 ms  local best: candidate #19938  cost=36319745.89
[Worker-1] Chunk #203  [20300, 20400)  100 candidates
[Worker-1] Chunk #203 done in 1 ms  local best: candidate #20308  cost=37034689.51
[Worker-1] Chunk #207  [20700, 20800)  100 candidates
[Worker-1] Chunk #207 done in 3 ms  local best: candidate #20782  cost=36541305.81
[Worker-1] Chunk #212  [21200, 21300)  100 candidates
[Worker-1] Chunk #212 done in 2 ms  local best: candidate #21223  cost=36780079.62
[Worker-1] Chunk #215  [21500, 21600)  100 candidates
[Worker-1] Chunk #215 done in 4 ms  local best: candidate #21552  cost=36829987.55
[Worker-1] Chunk #219  [21900, 22000)  100 candidates
[Worker-1] Chunk #219 done in 3 ms  local best: candidate #21992  cost=37292329.28
[Worker-1] Chunk #224  [22400, 22500)  100 candidates
[Worker-1] Chunk #224 done in 2 ms  local best: candidate #22409  cost=36811006.60
[Worker-1] Chunk #227  [22700, 22800)  100 candidates
[Worker-1] Chunk #227 done in 3 ms  local best: candidate #22745  cost=37156502.69
[Worker-1] Chunk #231  [23100, 23200)  100 candidates
[Worker-1] Chunk #231 done in 3 ms  local best: candidate #23172  cost=37014232.07
[Worker-1] Chunk #235  [23500, 23600)  100 candidates
[Worker-1] Chunk #235 done in 2 ms  local best: candidate #23503  cost=37076067.89
[Worker-1] Chunk #239  [23900, 24000)  100 candidates
[Worker-1] Chunk #239 done in 1 ms  local best: candidate #23998  cost=37274070.61
[Worker-1] Chunk #243  [24300, 24400)  100 candidates
[Worker-1] Chunk #243 done in 4 ms  local best: candidate #24337  cost=36515013.11
[Worker-1] Chunk #247  [24700, 24800)  100 candidates
[Worker-1] Chunk #247 done in 2 ms  local best: candidate #24733  cost=37537769.80
[Worker-1] Chunk #251  [25100, 25200)  100 candidates
[Worker-1] Chunk #251 done in 3 ms  local best: candidate #25149  cost=36990389.15
[Worker-1] Chunk #255  [25500, 25600)  100 candidates
[Worker-1] Chunk #255 done in 4 ms  local best: candidate #25545  cost=36664525.37
[Worker-1] Chunk #259  [25900, 26000)  100 candidates
[Worker-1] Chunk #259 done in 3 ms  local best: candidate #25911  cost=37220871.62
[Worker-1] Chunk #263  [26300, 26400)  100 candidates
[Worker-1] Chunk #263 done in 1 ms  local best: candidate #26336  cost=36468394.76
[Worker-1] Chunk #267  [26700, 26800)  100 candidates
[Worker-1] Chunk #267 done in 1 ms  local best: candidate #26729  cost=36966396.30
[Worker-1] Chunk #271  [27100, 27200)  100 candidates
[Worker-1] Chunk #271 done in 2 ms  local best: candidate #27114  cost=37437015.86
[Worker-1] Chunk #275  [27500, 27600)  100 candidates
[Worker-1] Chunk #275 done in 1 ms  local best: candidate #27532  cost=37182959.47
[Worker-1] Chunk #279  [27900, 28000)  100 candidates
[Worker-1] Chunk #279 done in 1 ms  local best: candidate #27922  cost=37461362.49
[Worker-1] Chunk #283  [28300, 28400)  100 candidates
[Worker-1] Chunk #283 done in 2 ms  local best: candidate #28359  cost=36973770.82
[Worker-1] Chunk #287  [28700, 28800)  100 candidates
[Worker-1] Chunk #287 done in 1 ms  local best: candidate #28739  cost=37051147.67
[Worker-1] Chunk #291  [29100, 29200)  100 candidates
[Worker-1] Chunk #291 done in 1 ms  local best: candidate #29167  cost=36963553.61
[Worker-1] Chunk #295  [29500, 29600)  100 candidates
[Worker-1] Chunk #295 done in 2 ms  local best: candidate #29503  cost=37273673.35
[Worker-1] Chunk #299  [29900, 30000)  100 candidates
[Worker-1] Chunk #299 done in 1 ms  local best: candidate #29957  cost=36545324.97
[Worker-1] Chunk #304  [30400, 30500)  100 candidates
[Worker-1] Chunk #304 done in 2 ms  local best: candidate #30400  cost=36993873.81
[Worker-1] Chunk #308  [30800, 30900)  100 candidates
[Worker-1] Chunk #308 done in 2 ms  local best: candidate #30843  cost=36982132.39
[Worker-1] Chunk #312  [31200, 31300)  100 candidates
[Worker-1] Chunk #312 done in 2 ms  local best: candidate #31218  cost=36480379.68
[Worker-1] Chunk #316  [31600, 31700)  100 candidates
[Worker-1] Chunk #316 done in 1 ms  local best: candidate #31693  cost=37141926.61
[Worker-1] Chunk #320  [32000, 32100)  100 candidates
[Worker-1] Chunk #320 done in 1 ms  local best: candidate #32080  cost=37208759.93
[Worker-1] Chunk #324  [32400, 32500)  100 candidates
[Worker-1] Chunk #324 done in 1 ms  local best: candidate #32496  cost=37151325.95
[Worker-1] Chunk #328  [32800, 32900)  100 candidates
[Worker-1] Chunk #328 done in 2 ms  local best: candidate #32841  cost=36538075.21
[Worker-1] Chunk #332  [33200, 33300)  100 candidates
[Worker-1] Chunk #332 done in 2 ms  local best: candidate #33237  cost=37261321.88
[Worker-1] Chunk #336  [33600, 33700)  100 candidates
[Worker-1] Chunk #336 done in 1 ms  local best: candidate #33676  cost=37042176.82
[Worker-1] Chunk #340  [34000, 34100)  100 candidates
[Worker-1] Chunk #340 done in 3 ms  local best: candidate #34078  cost=36335577.21
[Worker-1] Chunk #344  [34400, 34500)  100 candidates
[Worker-1] Chunk #344 done in 2 ms  local best: candidate #34436  cost=36836032.65
[Worker-1] Chunk #348  [34800, 34900)  100 candidates
[Worker-1] Chunk #348 done in 1 ms  local best: candidate #34834  cost=37146825.48
[Worker-1] Chunk #352  [35200, 35300)  100 candidates
[Worker-1] Chunk #352 done in 1 ms  local best: candidate #35232  cost=37040887.51
[Worker-1] Chunk #356  [35600, 35700)  100 candidates
[Worker-1] Chunk #356 done in 1 ms  local best: candidate #35611  cost=37100795.35
[Worker-1] Chunk #360  [36000, 36100)  100 candidates
[Worker-1] Chunk #360 done in 1 ms  local best: candidate #36065  cost=37124864.69
[Worker-1] Chunk #364  [36400, 36500)  100 candidates
[Worker-1] Chunk #364 done in 1 ms  local best: candidate #36439  cost=37260299.51
[Worker-1] Chunk #368  [36800, 36900)  100 candidates
[Worker-1] Chunk #368 done in 1 ms  local best: candidate #36828  cost=36872565.40
[Worker-1] Chunk #372  [37200, 37300)  100 candidates
[Worker-1] Chunk #372 done in 1 ms  local best: candidate #37223  cost=37021006.87
[Worker-1] Chunk #378  [37800, 37900)  100 candidates
[Worker-1] Chunk #378 done in 1 ms  local best: candidate #37896  cost=37322801.98
[Worker-1] Chunk #381  [38100, 38200)  100 candidates
[Worker-1] Chunk #381 done in 1 ms  local best: candidate #38170  cost=36765339.45
[Worker-1] Chunk #386  [38600, 38700)  100 candidates
[Worker-1] Chunk #386 done in 2 ms  local best: candidate #38603  cost=36501587.55
[Worker-1] Chunk #389  [38900, 39000)  100 candidates
[Worker-1] Chunk #389 done in 2 ms  local best: candidate #38981  cost=36969931.17
[Worker-1] Chunk #394  [39400, 39500)  100 candidates
[Worker-1] Chunk #394 done in 2 ms  local best: candidate #39419  cost=37146639.75
[Worker-1] Chunk #396  [39600, 39700)  100 candidates
[Worker-1] Chunk #396 done in 2 ms  local best: candidate #39699  cost=37130314.59
[Worker-1] Chunk #401  [40100, 40200)  100 candidates
[Worker-1] Chunk #401 done in 3 ms  local best: candidate #40156  cost=36757765.83
[Worker-1] Chunk #405  [40500, 40600)  100 candidates
[Worker-1] Chunk #405 done in 2 ms  local best: candidate #40560  cost=37195332.67
[Worker-1] Chunk #409  [40900, 41000)  100 candidates
[Worker-1] Chunk #409 done in 2 ms  local best: candidate #40912  cost=36492674.63
[Worker-1] Chunk #412  [41200, 41300)  100 candidates
[Worker-1] Chunk #412 done in 1 ms  local best: candidate #41283  cost=37337525.33
[Worker-1] Chunk #417  [41700, 41800)  100 candidates
[Worker-1] Chunk #417 done in 3 ms  local best: candidate #41731  cost=37096364.20
[Worker-1] Chunk #419  [41900, 42000)  100 candidates
[Worker-1] Chunk #419 done in 1 ms  local best: candidate #41964  cost=36683163.38
[Worker-1] Chunk #423  [42300, 42400)  100 candidates
[Worker-1] Chunk #423 done in 1 ms  local best: candidate #42396  cost=37388935.24
[Worker-1] Chunk #429  [42900, 43000)  100 candidates
[Worker-1] Chunk #429 done in 3 ms  local best: candidate #42971  cost=37012235.93
[Worker-1] Chunk #432  [43200, 43300)  100 candidates
[Worker-1] Chunk #432 done in 2 ms  local best: candidate #43272  cost=36996583.41
[Worker-1] Chunk #437  [43700, 43800)  100 candidates
[Worker-1] Chunk #437 done in 2 ms  local best: candidate #43747  cost=36819441.66
[Worker-1] Chunk #441  [44100, 44200)  100 candidates
[Worker-1] Chunk #441 done in 4 ms  local best: candidate #44148  cost=37436929.47
[Worker-1] Chunk #445  [44500, 44600)  100 candidates
[Worker-1] Chunk #445 done in 1 ms  local best: candidate #44536  cost=36805184.68
[Worker-1] Chunk #449  [44900, 45000)  100 candidates
[Worker-1] Chunk #449 done in 1 ms  local best: candidate #44930  cost=36838756.19
[Worker-1] Chunk #453  [45300, 45400)  100 candidates
[Worker-1] Chunk #453 done in 1 ms  local best: candidate #45302  cost=37349608.59
[Worker-1] Chunk #457  [45700, 45800)  100 candidates
[Worker-1] Chunk #457 done in 1 ms  local best: candidate #45740  cost=37069793.00
[Worker-1] Chunk #461  [46100, 46200)  100 candidates
[Worker-1] Chunk #461 done in 1 ms  local best: candidate #46184  cost=37122536.74
[Worker-1] Chunk #465  [46500, 46600)  100 candidates
[Worker-1] Chunk #465 done in 1 ms  local best: candidate #46563  cost=36295518.96
[Worker-1] Chunk #469  [46900, 47000)  100 candidates
[Worker-1] Chunk #469 done in 2 ms  local best: candidate #46986  cost=37438494.03
[Worker-1] Chunk #473  [47300, 47400)  100 candidates
[Worker-1] Chunk #473 done in 2 ms  local best: candidate #47316  cost=36961792.93
[Worker-1] Chunk #477  [47700, 47800)  100 candidates
[Worker-1] Chunk #477 done in 1 ms  local best: candidate #47790  cost=36441013.02
[Worker-1] Chunk #481  [48100, 48200)  100 candidates
[Worker-1] Chunk #481 done in 0 ms  local best: candidate #48102  cost=37011937.17
[Worker-1] Chunk #485  [48500, 48600)  100 candidates
[Worker-1] Chunk #485 done in 1 ms  local best: candidate #48570  cost=36832237.38
[Worker-1] Chunk #489  [48900, 49000)  100 candidates
[Worker-1] Chunk #489 done in 1 ms  local best: candidate #48904  cost=36454378.54
[Worker-1] Chunk #493  [49300, 49400)  100 candidates
[Worker-1] Chunk #493 done in 1 ms  local best: candidate #49355  cost=36462990.68
[Worker-1] Chunk #497  [49700, 49800)  100 candidates
[Worker-1] Chunk #497 done in 1 ms  local best: candidate #49718  cost=37084891.26
[Worker-1] Chunk #501  [50100, 50200)  100 candidates
[Worker-1] Chunk #501 done in 1 ms  local best: candidate #50142  cost=37351474.33
[Worker-1] Chunk #505  [50500, 50600)  100 candidates
[Worker-1] Chunk #505 done in 2 ms  local best: candidate #50552  cost=37303701.71
[Worker-1] Chunk #509  [50900, 51000)  100 candidates
[Worker-1] Chunk #509 done in 1 ms  local best: candidate #50969  cost=36574728.48
[Worker-1] Chunk #513  [51300, 51400)  100 candidates
[Worker-1] Chunk #513 done in 3 ms  local best: candidate #51332  cost=36893588.94
[Worker-1] Chunk #517  [51700, 51800)  100 candidates
[Worker-1] Chunk #517 done in 2 ms  local best: candidate #51707  cost=36955226.07
[Worker-1] Chunk #521  [52100, 52200)  100 candidates
[Worker-1] Chunk #521 done in 1 ms  local best: candidate #52159  cost=36405292.20
[Worker-1] Chunk #525  [52500, 52600)  100 candidates
[Worker-1] Chunk #525 done in 1 ms  local best: candidate #52555  cost=36964268.33
[Worker-1] Chunk #529  [52900, 53000)  100 candidates
[Worker-1] Chunk #529 done in 2 ms  local best: candidate #52995  cost=36623768.19
[Worker-1] Chunk #533  [53300, 53400)  100 candidates
[Worker-1] Chunk #533 done in 1 ms  local best: candidate #53348  cost=36767585.35
[Worker-1] Chunk #537  [53700, 53800)  100 candidates
[Worker-1] Chunk #537 done in 0 ms  local best: candidate #53778  cost=37116303.75
[Worker-1] Chunk #541  [54100, 54200)  100 candidates
[Worker-1] Chunk #541 done in 2 ms  local best: candidate #54157  cost=36628175.35
[Worker-1] Chunk #545  [54500, 54600)  100 candidates
[Worker-1] Chunk #545 done in 1 ms  local best: candidate #54562  cost=37008847.09
[Worker-1] Chunk #549  [54900, 55000)  100 candidates
[Worker-1] Chunk #549 done in 1 ms  local best: candidate #54902  cost=36737912.08
[Worker-1] Chunk #553  [55300, 55400)  100 candidates
[Worker-1] Chunk #553 done in 2 ms  local best: candidate #55399  cost=36703664.08
[Worker-1] Chunk #557  [55700, 55800)  100 candidates
[Worker-1] Chunk #557 done in 2 ms  local best: candidate #55793  cost=36767048.59
[Worker-1] Chunk #561  [56100, 56200)  100 candidates
[Worker-1] Chunk #561 done in 1 ms  local best: candidate #56174  cost=36923727.53
[Worker-1] Chunk #566  [56600, 56700)  100 candidates
[Worker-1] Chunk #566 done in 1 ms  local best: candidate #56652  cost=37021173.09
[Worker-1] Chunk #570  [57000, 57100)  100 candidates
[Worker-1] Chunk #570 done in 1 ms  local best: candidate #57097  cost=36767268.91
[Worker-1] Chunk #574  [57400, 57500)  100 candidates
[Worker-1] Chunk #574 done in 1 ms  local best: candidate #57437  cost=36842258.91
[Worker-1] Chunk #577  [57700, 57800)  100 candidates
[Worker-1] Chunk #577 done in 1 ms  local best: candidate #57705  cost=36730701.08
[Worker-1] Chunk #581  [58100, 58200)  100 candidates
[Worker-1] Chunk #581 done in 1 ms  local best: candidate #58140  cost=37057212.11
[Worker-1] Chunk #585  [58500, 58600)  100 candidates
[Worker-1] Chunk #585 done in 1 ms  local best: candidate #58579  cost=36566493.47
[Worker-1] Chunk #589  [58900, 59000)  100 candidates
[Worker-1] Chunk #589 done in 2 ms  local best: candidate #58915  cost=36513092.06
[Worker-1] Chunk #593  [59300, 59400)  100 candidates
[Worker-1] Chunk #593 done in 1 ms  local best: candidate #59306  cost=36958459.24
[Worker-1] Chunk #597  [59700, 59800)  100 candidates
[Worker-1] Chunk #597 done in 2 ms  local best: candidate #59739  cost=37133663.42
[Worker-1] Chunk #601  [60100, 60200)  100 candidates
[Worker-1] Chunk #601 done in 1 ms  local best: candidate #60133  cost=37355321.35
[Worker-1] Chunk #605  [60500, 60600)  100 candidates
[Worker-1] Chunk #605 done in 2 ms  local best: candidate #60541  cost=37117162.10
[Worker-1] Chunk #609  [60900, 61000)  100 candidates
[Worker-1] Chunk #609 done in 1 ms  local best: candidate #60943  cost=36811075.67
[Worker-1] Chunk #612  [61200, 61300)  100 candidates
[Worker-1] Chunk #612 done in 1 ms  local best: candidate #61277  cost=37231277.28
[Worker-1] Chunk #617  [61700, 61800)  100 candidates
[Worker-1] Chunk #617 done in 1 ms  local best: candidate #61736  cost=37461048.70
[Worker-1] Chunk #620  [62000, 62100)  100 candidates
[Worker-1] Chunk #620 done in 5 ms  local best: candidate #62046  cost=36879668.51
[Worker-1] Chunk #624  [62400, 62500)  100 candidates
[Worker-1] Chunk #624 done in 2 ms  local best: candidate #62422  cost=37137212.14
[Worker-1] Chunk #628  [62800, 62900)  100 candidates
[Worker-1] Chunk #628 done in 2 ms  local best: candidate #62889  cost=36803294.37
[Worker-1] Chunk #632  [63200, 63300)  100 candidates
[Worker-1] Chunk #632 done in 1 ms  local best: candidate #63221  cost=36189954.91
[Worker-1] Chunk #636  [63600, 63700)  100 candidates
[Worker-1] Chunk #636 done in 1 ms  local best: candidate #63615  cost=36574802.14
[Worker-1] Chunk #640  [64000, 64100)  100 candidates
[Worker-1] Chunk #640 done in 1 ms  local best: candidate #64074  cost=37422862.68
[Worker-1] Chunk #644  [64400, 64500)  100 candidates
[Worker-1] Chunk #644 done in 1 ms  local best: candidate #64431  cost=37172856.92
[Worker-1] Chunk #648  [64800, 64900)  100 candidates
[Worker-1] Chunk #648 done in 2 ms  local best: candidate #64893  cost=37188073.59
[Worker-1] Chunk #653  [65300, 65400)  100 candidates
[Worker-1] Chunk #653 done in 0 ms  local best: candidate #65372  cost=37070674.04
[Worker-1] Chunk #657  [65700, 65800)  100 candidates
[Worker-1] Chunk #657 done in 1 ms  local best: candidate #65761  cost=36756308.91
[Worker-1] Chunk #661  [66100, 66200)  100 candidates
[Worker-1] Chunk #661 done in 2 ms  local best: candidate #66154  cost=37044820.33
[Worker-1] Chunk #665  [66500, 66600)  100 candidates
[Worker-1] Chunk #665 done in 1 ms  local best: candidate #66503  cost=37142392.41
[Worker-1] Chunk #669  [66900, 67000)  100 candidates
[Worker-1] Chunk #669 done in 1 ms  local best: candidate #66961  cost=37297226.99
[Worker-1] Chunk #673  [67300, 67400)  100 candidates
[Worker-1] Chunk #673 done in 2 ms  local best: candidate #67339  cost=36839036.38
[Worker-1] Chunk #678  [67800, 67900)  100 candidates
[Worker-1] Chunk #678 done in 1 ms  local best: candidate #67818  cost=37016819.33
[Worker-1] Chunk #682  [68200, 68300)  100 candidates
[Worker-1] Chunk #682 done in 2 ms  local best: candidate #68272  cost=37080488.96
[Worker-1] Chunk #686  [68600, 68700)  100 candidates
[Worker-1] Chunk #686 done in 1 ms  local best: candidate #68665  cost=36467393.42
[Worker-1] Chunk #690  [69000, 69100)  100 candidates
[Worker-1] Chunk #690 done in 0 ms  local best: candidate #69051  cost=37124204.12
[Worker-1] Chunk #694  [69400, 69500)  100 candidates
[Worker-1] Chunk #694 done in 1 ms  local best: candidate #69414  cost=37257822.32
[Worker-1] Chunk #698  [69800, 69900)  100 candidates
[Worker-1] Chunk #698 done in 1 ms  local best: candidate #69898  cost=36766188.46
[Worker-1] Chunk #702  [70200, 70300)  100 candidates
[Worker-1] Chunk #702 done in 1 ms  local best: candidate #70290  cost=36843735.29
[Worker-1] Chunk #706  [70600, 70700)  100 candidates
[Worker-1] Chunk #706 done in 1 ms  local best: candidate #70619  cost=37217266.12
[Worker-1] Chunk #710  [71000, 71100)  100 candidates
[Worker-1] Chunk #710 done in 1 ms  local best: candidate #71007  cost=37282052.81
[Worker-1] Chunk #714  [71400, 71500)  100 candidates
[Worker-1] Chunk #714 done in 0 ms  local best: candidate #71469  cost=37191038.54
[Worker-1] Chunk #718  [71800, 71900)  100 candidates
[Worker-1] Chunk #718 done in 1 ms  local best: candidate #71891  cost=37565695.90
[Worker-1] Chunk #722  [72200, 72300)  100 candidates
[Worker-1] Chunk #722 done in 1 ms  local best: candidate #72281  cost=36328027.41
[Worker-1] Chunk #726  [72600, 72700)  100 candidates
[Worker-1] Chunk #726 done in 2 ms  local best: candidate #72619  cost=36622044.73
[Worker-1] Chunk #730  [73000, 73100)  100 candidates
[Worker-1] Chunk #730 done in 1 ms  local best: candidate #73019  cost=37181424.26
[Worker-1] Chunk #734  [73400, 73500)  100 candidates
[Worker-1] Chunk #734 done in 3 ms  local best: candidate #73466  cost=36552168.97
[Worker-1] Chunk #738  [73800, 73900)  100 candidates
[Worker-1] Chunk #738 done in 1 ms  local best: candidate #73894  cost=37187761.53
[Worker-1] Chunk #742  [74200, 74300)  100 candidates
[Worker-1] Chunk #742 done in 1 ms  local best: candidate #74229  cost=37016831.37
[Worker-1] Chunk #746  [74600, 74700)  100 candidates
[Worker-1] Chunk #746 done in 1 ms  local best: candidate #74604  cost=37204717.24
[Worker-1] Chunk #750  [75000, 75100)  100 candidates
[Worker-1] Chunk #750 done in 1 ms  local best: candidate #75020  cost=37368343.66
[Worker-1] Chunk #754  [75400, 75500)  100 candidates
[Worker-1] Chunk #754 done in 1 ms  local best: candidate #75456  cost=37153687.90
[Worker-1] Chunk #758  [75800, 75900)  100 candidates
[Worker-1] Chunk #758 done in 2 ms  local best: candidate #75854  cost=36324910.09
[Worker-1] Chunk #762  [76200, 76300)  100 candidates
[Worker-1] Chunk #762 done in 2 ms  local best: candidate #76243  cost=36603315.60
[Worker-1] Chunk #766  [76600, 76700)  100 candidates
[Worker-1] Chunk #766 done in 2 ms  local best: candidate #76602  cost=37664850.60
[Worker-1] Chunk #770  [77000, 77100)  100 candidates
[Worker-1] Chunk #770 done in 2 ms  local best: candidate #77090  cost=36671827.55
[Worker-1] Chunk #774  [77400, 77500)  100 candidates
[Worker-1] Chunk #774 done in 2 ms  local best: candidate #77498  cost=37011152.07
[Worker-1] Chunk #778  [77800, 77900)  100 candidates
[Worker-1] Chunk #778 done in 1 ms  local best: candidate #77838  cost=35771706.88
[Worker-1] Chunk #782  [78200, 78300)  100 candidates
[Worker-1] Chunk #782 done in 1 ms  local best: candidate #78240  cost=37036373.66
[Worker-1] Chunk #786  [78600, 78700)  100 candidates
[Worker-1] Chunk #786 done in 1 ms  local best: candidate #78663  cost=37014135.10
[Worker-1] Chunk #790  [79000, 79100)  100 candidates
[Worker-1] Chunk #790 done in 2 ms  local best: candidate #79011  cost=37075773.83
[Worker-1] Chunk #794  [79400, 79500)  100 candidates
[Worker-1] Chunk #794 done in 1 ms  local best: candidate #79418  cost=37063580.30
[Worker-1] Chunk #798  [79800, 79900)  100 candidates
[Worker-1] Chunk #798 done in 1 ms  local best: candidate #79879  cost=37249136.64
[Worker-1] Chunk #802  [80200, 80300)  100 candidates
[Worker-1] Chunk #802 done in 1 ms  local best: candidate #80273  cost=36917667.01
[Worker-1] Chunk #805  [80500, 80600)  100 candidates
[Worker-1] Chunk #805 done in 3 ms  local best: candidate #80513  cost=36963819.90
[Worker-1] Chunk #809  [80900, 81000)  100 candidates
[Worker-1] Chunk #809 done in 1 ms  local best: candidate #80972  cost=36610679.33
[Worker-1] Chunk #813  [81300, 81400)  100 candidates
[Worker-1] Chunk #813 done in 1 ms  local best: candidate #81358  cost=37024786.44
[Worker-1] Chunk #817  [81700, 81800)  100 candidates
[Worker-1] Chunk #817 done in 2 ms  local best: candidate #81782  cost=37037415.86
[Worker-1] Chunk #821  [82100, 82200)  100 candidates
[Worker-1] Chunk #821 done in 1 ms  local best: candidate #82132  cost=36750638.68
[Worker-1] Chunk #826  [82600, 82700)  100 candidates
[Worker-1] Chunk #826 done in 1 ms  local best: candidate #82688  cost=37196808.74
[Worker-1] Chunk #829  [82900, 83000)  100 candidates
[Worker-1] Chunk #829 done in 1 ms  local best: candidate #82961  cost=36488557.98
[Worker-1] Chunk #833  [83300, 83400)  100 candidates
[Worker-1] Chunk #833 done in 1 ms  local best: candidate #83303  cost=37025572.99
[Worker-1] Chunk #837  [83700, 83800)  100 candidates
[Worker-1] Chunk #837 done in 1 ms  local best: candidate #83777  cost=36792142.34
[Worker-1] Chunk #841  [84100, 84200)  100 candidates
[Worker-1] Chunk #841 done in 2 ms  local best: candidate #84171  cost=37833513.58
[Worker-1] Chunk #844  [84400, 84500)  100 candidates
[Worker-1] Chunk #844 done in 1 ms  local best: candidate #84460  cost=36966851.24
[Worker-1] Chunk #848  [84800, 84900)  100 candidates
[Worker-1] Chunk #848 done in 1 ms  local best: candidate #84856  cost=36062422.44
[Worker-1] Chunk #852  [85200, 85300)  100 candidates
[Worker-1] Chunk #852 done in 2 ms  local best: candidate #85212  cost=36576921.83
[Worker-1] Chunk #857  [85700, 85800)  100 candidates
[Worker-1] Chunk #857 done in 2 ms  local best: candidate #85788  cost=37019692.87
[Worker-1] Chunk #861  [86100, 86200)  100 candidates
[Worker-1] Chunk #861 done in 1 ms  local best: candidate #86109  cost=36954326.92
[Worker-1] Chunk #865  [86500, 86600)  100 candidates
[Worker-1] Chunk #865 done in 2 ms  local best: candidate #86540  cost=36082998.61
[Worker-1] Chunk #869  [86900, 87000)  100 candidates
[Worker-1] Chunk #869 done in 1 ms  local best: candidate #86907  cost=36812075.69
[Worker-1] Chunk #873  [87300, 87400)  100 candidates
[Worker-1] Chunk #873 done in 1 ms  local best: candidate #87366  cost=37200145.73
[Worker-1] Chunk #877  [87700, 87800)  100 candidates
[Worker-1] Chunk #877 done in 1 ms  local best: candidate #87762  cost=36256142.78
[Worker-1] Chunk #881  [88100, 88200)  100 candidates
[Worker-1] Chunk #881 done in 2 ms  local best: candidate #88157  cost=37117906.94
[Worker-1] Chunk #885  [88500, 88600)  100 candidates
[Worker-1] Chunk #885 done in 1 ms  local best: candidate #88588  cost=36590585.17
[Worker-1] Chunk #889  [88900, 89000)  100 candidates
[Worker-1] Chunk #889 done in 2 ms  local best: candidate #88953  cost=36924548.76
[Worker-1] Chunk #893  [89300, 89400)  100 candidates
[Worker-1] Chunk #893 done in 2 ms  local best: candidate #89323  cost=36700651.09
[Worker-1] Chunk #897  [89700, 89800)  100 candidates
[Worker-1] Chunk #897 done in 1 ms  local best: candidate #89709  cost=36988025.11
[Worker-1] Chunk #901  [90100, 90200)  100 candidates
[Worker-1] Chunk #901 done in 1 ms  local best: candidate #90193  cost=36364573.82
[Worker-1] Chunk #904  [90400, 90500)  100 candidates
[Worker-1] Chunk #904 done in 1 ms  local best: candidate #90417  cost=37227338.67
[Worker-1] Chunk #908  [90800, 90900)  100 candidates
[Worker-1] Chunk #908 done in 2 ms  local best: candidate #90826  cost=36569362.70
[Worker-1] Chunk #912  [91200, 91300)  100 candidates
[Worker-1] Chunk #912 done in 0 ms  local best: candidate #91222  cost=36836857.78
[Worker-1] Chunk #917  [91700, 91800)  100 candidates
[Worker-1] Chunk #917 done in 2 ms  local best: candidate #91737  cost=37141043.09
[Worker-1] Chunk #920  [92000, 92100)  100 candidates
[Worker-1] Chunk #920 done in 2 ms  local best: candidate #92087  cost=37428555.49
[Worker-1] Chunk #925  [92500, 92600)  100 candidates
[Worker-1] Chunk #925 done in 3 ms  local best: candidate #92590  cost=36881148.54
[Worker-1] Chunk #929  [92900, 93000)  100 candidates
[Worker-1] Chunk #929 done in 3 ms  local best: candidate #92922  cost=36959473.74
[Worker-1] Chunk #932  [93200, 93300)  100 candidates
[Worker-1] Chunk #932 done in 1 ms  local best: candidate #93259  cost=36902475.59
[Worker-1] Chunk #937  [93700, 93800)  100 candidates
[Worker-1] Chunk #937 done in 2 ms  local best: candidate #93752  cost=36726255.98
[Worker-1] Chunk #941  [94100, 94200)  100 candidates
[Worker-1] Chunk #941 done in 2 ms  local best: candidate #94183  cost=37029971.52
[Worker-1] Chunk #945  [94500, 94600)  100 candidates
[Worker-1] Chunk #945 done in 4 ms  local best: candidate #94536  cost=36147116.25
[Worker-1] Chunk #949  [94900, 95000)  100 candidates
[Worker-1] Chunk #949 done in 2 ms  local best: candidate #94902  cost=36577764.76
[Worker-1] Chunk #953  [95300, 95400)  100 candidates
[Worker-1] Chunk #953 done in 1 ms  local best: candidate #95330  cost=36380029.89
[Worker-1] Chunk #957  [95700, 95800)  100 candidates
[Worker-1] Chunk #957 done in 1 ms  local best: candidate #95737  cost=36967377.15
[Worker-1] Chunk #961  [96100, 96200)  100 candidates
[Worker-1] Chunk #961 done in 2 ms  local best: candidate #96161  cost=37043751.69
[Worker-1] Chunk #965  [96500, 96600)  100 candidates
[Worker-1] Chunk #965 done in 3 ms  local best: candidate #96512  cost=36666863.88
[Worker-1] Chunk #969  [96900, 97000)  100 candidates
[Worker-1] Chunk #969 done in 1 ms  local best: candidate #96990  cost=36750757.34
[Worker-1] Chunk #973  [97300, 97400)  100 candidates
[Worker-1] Chunk #973 done in 1 ms  local best: candidate #97355  cost=37139475.85
[Worker-1] Chunk #977  [97700, 97800)  100 candidates
[Worker-1] Chunk #977 done in 7 ms  local best: candidate #97754  cost=36596937.31
[Worker-1] Chunk #981  [98100, 98200)  100 candidates
[Worker-1] Chunk #981 done in 1 ms  local best: candidate #98139  cost=36855698.41
[Worker-1] Chunk #985  [98500, 98600)  100 candidates
[Worker-1] Chunk #985 done in 6 ms  local best: candidate #98541  cost=37497427.39
[Worker-1] Chunk #989  [98900, 99000)  100 candidates
[Worker-1] Chunk #989 done in 1 ms  local best: candidate #98926  cost=36582358.29
[Worker-1] Chunk #992  [99200, 99300)  100 candidates
[Worker-1] Chunk #992 done in 2 ms  local best: candidate #99277  cost=36512321.78
[Worker-1] Chunk #996  [99530, 99588)  58 candidates
[Worker-1] Chunk #996 done in 2 ms  local best: candidate #99559  cost=37297033.63
[Worker-1] Chunk #1001  [99757, 99787)  30 candidates
[Worker-1] Chunk #1001 done in 2 ms  local best: candidate #99780  cost=37588290.57
[Worker-1] Chunk #1005  [99856, 99874)  18 candidates
[Worker-1] Chunk #1005 done in 2 ms  local best: candidate #99864  cost=37558572.83
[Worker-1] Chunk #1009  [99914, 99924)  10 candidates
[Worker-1] Chunk #1009 done in 1 ms  local best: candidate #99922  cost=37876042.22
[Worker-1] Chunk #1013  [99954, 99964)  10 candidates
[Worker-1] Chunk #1013 done in 0 ms  local best: candidate #99957  cost=37900226.58
[Worker-1] Chunk #1017  [99994, 100000)  6 candidates
[Worker-1] Chunk #1017 done in 1 ms  local best: candidate #99996  cost=37321774.10
[Worker-1] SHUTDOWN received.
[Worker-1] Finished.  Chunks processed: 255  Local best: candidate #77838  cost=35771706.88
